q=1, method=BJ, overlap=0, repeat=1
q=1, method=BJ, overlap=0, repeat=2
q=1, method=BJ, overlap=0, repeat=3
q=1, method=BJ, overlap=0, repeat=4
q=1, method=BJ, overlap=0, repeat=5
q=1, method=BJ, overlap=0, repeat=6
q=1, method=BJ, overlap=0, repeat=7
q=1, method=BJ, overlap=0, repeat=8
q=1, method=BJ, overlap=0, repeat=9
q=1, method=BJ, overlap=0, repeat=10
q=1, method=AS1, overlap=1, repeat=1
q=1, method=AS1, overlap=1, repeat=2
q=1, method=AS1, overlap=1, repeat=3
q=1, method=AS1, overlap=1, repeat=4
q=1, method=AS1, overlap=1, repeat=5
q=1, method=AS1, overlap=1, repeat=6
q=1, method=AS1, overlap=1, repeat=7
q=1, method=AS1, overlap=1, repeat=8
q=1, method=AS1, overlap=1, repeat=9
q=1, method=AS1, overlap=1, repeat=10
q=1, method=AS2, overlap=2, repeat=1
q=1, method=AS2, overlap=2, repeat=2
q=1, method=AS2, overlap=2, repeat=3
q=1, method=AS2, overlap=2, repeat=4
q=1, method=AS2, overlap=2, repeat=5
q=1, method=AS2, overlap=2, repeat=6
q=1, method=AS2, overlap=2, repeat=7
q=1, method=AS2, overlap=2, repeat=8
q=1, method=AS2, overlap=2, repeat=9
q=1, method=AS2, overlap=2, repeat=10
q=2, method=BJ, overlap=0, repeat=1
q=2, method=BJ, overlap=0, repeat=2
q=2, method=BJ, overlap=0, repeat=3
q=2, method=BJ, overlap=0, repeat=4
q=2, method=BJ, overlap=0, repeat=5
q=2, method=BJ, overlap=0, repeat=6
q=2, method=BJ, overlap=0, repeat=7
q=2, method=BJ, overlap=0, repeat=8
q=2, method=BJ, overlap=0, repeat=9
q=2, method=BJ, overlap=0, repeat=10
q=2, method=AS1, overlap=1, repeat=1
q=2, method=AS1, overlap=1, repeat=2
q=2, method=AS1, overlap=1, repeat=3
q=2, method=AS1, overlap=1, repeat=4
q=2, method=AS1, overlap=1, repeat=5
q=2, method=AS1, overlap=1, repeat=6
q=2, method=AS1, overlap=1, repeat=7
q=2, method=AS1, overlap=1, repeat=8
q=2, method=AS1, overlap=1, repeat=9
q=2, method=AS1, overlap=1, repeat=10
q=2, method=AS2, overlap=2, repeat=1
q=2, method=AS2, overlap=2, repeat=2
q=2, method=AS2, overlap=2, repeat=3
q=2, method=AS2, overlap=2, repeat=4
q=2, method=AS2, overlap=2, repeat=5
q=2, method=AS2, overlap=2, repeat=6
q=2, method=AS2, overlap=2, repeat=7
q=2, method=AS2, overlap=2, repeat=8
q=2, method=AS2, overlap=2, repeat=9
q=2, method=AS2, overlap=2, repeat=10
q=4, method=BJ, overlap=0, repeat=1
q=4, method=BJ, overlap=0, repeat=2
q=4, method=BJ, overlap=0, repeat=3
q=4, method=BJ, overlap=0, repeat=4
q=4, method=BJ, overlap=0, repeat=5
q=4, method=BJ, overlap=0, repeat=6
q=4, method=BJ, overlap=0, repeat=7
q=4, method=BJ, overlap=0, repeat=8
q=4, method=BJ, overlap=0, repeat=9
q=4, method=BJ, overlap=0, repeat=10
q=4, method=AS1, overlap=1, repeat=1
q=4, method=AS1, overlap=1, repeat=2
q=4, method=AS1, overlap=1, repeat=3
q=4, method=AS1, overlap=1, repeat=4
q=4, method=AS1, overlap=1, repeat=5
q=4, method=AS1, overlap=1, repeat=6
q=4, method=AS1, overlap=1, repeat=7
q=4, method=AS1, overlap=1, repeat=8
q=4, method=AS1, overlap=1, repeat=9
q=4, method=AS1, overlap=1, repeat=10
q=4, method=AS2, overlap=2, repeat=1
q=4, method=AS2, overlap=2, repeat=2
q=4, method=AS2, overlap=2, repeat=3
q=4, method=AS2, overlap=2, repeat=4
q=4, method=AS2, overlap=2, repeat=5
q=4, method=AS2, overlap=2, repeat=6
q=4, method=AS2, overlap=2, repeat=7
q=4, method=AS2, overlap=2, repeat=8
q=4, method=AS2, overlap=2, repeat=9
q=4, method=AS2, overlap=2, repeat=10
q=8, method=BJ, overlap=0, repeat=1
q=8, method=BJ, overlap=0, repeat=2
q=8, method=BJ, overlap=0, repeat=3
q=8, method=BJ, overlap=0, repeat=4
q=8, method=BJ, overlap=0, repeat=5
q=8, method=BJ, overlap=0, repeat=6
q=8, method=BJ, overlap=0, repeat=7
q=8, method=BJ, overlap=0, repeat=8
q=8, method=BJ, overlap=0, repeat=9
q=8, method=BJ, overlap=0, repeat=10
q=8, method=AS1, overlap=1, repeat=1
q=8, method=AS1, overlap=1, repeat=2
q=8, method=AS1, overlap=1, repeat=3
q=8, method=AS1, overlap=1, repeat=4
q=8, method=AS1, overlap=1, repeat=5
q=8, method=AS1, overlap=1, repeat=6
q=8, method=AS1, overlap=1, repeat=7
q=8, method=AS1, overlap=1, repeat=8
q=8, method=AS1, overlap=1, repeat=9
q=8, method=AS1, overlap=1, repeat=10
q=8, method=AS2, overlap=2, repeat=1
q=8, method=AS2, overlap=2, repeat=2
q=8, method=AS2, overlap=2, repeat=3
q=8, method=AS2, overlap=2, repeat=4
q=8, method=AS2, overlap=2, repeat=5
q=8, method=AS2, overlap=2, repeat=6
q=8, method=AS2, overlap=2, repeat=7
q=8, method=AS2, overlap=2, repeat=8
q=8, method=AS2, overlap=2, repeat=9
q=8, method=AS2, overlap=2, repeat=10

SGS sensitivity experiment complete.
Raw results: results/sgs_sensitivity/raw/sgs_sensitivity_219192.csv


###############################################################################
TCHPC Cluster: callan
Job 219192 (sgs-sensitivity) for User 'szhang2' in Account 'callan_szhang2'
Finished at: Thu Aug 13 04:31:11 IST 2026

Job efficiency estimates:
=========================

Job ID: 219192
Cluster: callan
User/Group: szhang2/szhang2
State: COMPLETED (exit code 0)
Nodes: 1
Cores per node: 64
CPU Utilized: 01:09:56
CPU Efficiency: 17.96% of 06:29:20 core-walltime
Job Wall-clock time: 00:06:05
Memory Utilized: 1.96 GB
Memory Efficiency: 0.79% of 250.00 GB (3.91 GB/core)

Job completion status:
======================

JobID           JobName AllocCPUS NTasks NNodes     MaxRSS    MaxRSSNode  MaxDiskRead MaxDiskWrite    Elapsed      State ExitCode 
------------ ---------- --------- ------ ------ ---------- ------------- ------------ ------------ ---------- ---------- -------- 
219192       sgs-sensi+        64             1                                                      00:06:05  COMPLETED      0:0 
219192.batch      batch        64      1      1     13708K    callan-n11       35.82M        3.36M   00:06:05  COMPLETED      0:0 
219192.exte+     extern        64      1      1                                                      00:06:05  COMPLETED      0:0 
219192.0     hydra_bst+        64      1      1   2025592K    callan-n11            0        0.00M   00:00:03  COMPLETED      0:0 
219192.1     hydra_bst+        64      1      1   2022812K    callan-n11            0        0.00M   00:00:05  COMPLETED      0:0 
219192.2     hydra_bst+        64      1      1   2029020K    callan-n11            0        0.00M   00:00:08  COMPLETED      0:0 
219192.3     hydra_bst+        64      1      1   2015936K    callan-n11            0        0.00M   00:00:10  COMPLETED      0:0 
219192.4     hydra_bst+        64      1      1   2021460K    callan-n11            0        0.00M   00:00:12  COMPLETED      0:0 
219192.5     hydra_bst+        64      1      1   2014168K    callan-n11            0        0.00M   00:00:15  COMPLETED      0:0 
219192.6     hydra_bst+        64      1      1   2029064K    callan-n11            0        0.00M   00:00:17  COMPLETED      0:0 
219192.7     hydra_bst+        64      1      1   2016972K    callan-n11            0        0.00M   00:00:19  COMPLETED      0:0 
219192.8     hydra_bst+        64      1      1   2039788K    callan-n11            0        0.00M   00:00:22  COMPLETED      0:0 
219192.9     hydra_bst+        64      1      1   2034036K    callan-n11            0        0.00M   00:00:24  COMPLETED      0:0 
219192.10    hydra_bst+        64      1      1   2041832K    callan-n11            0        0.00M   00:00:27  COMPLETED      0:0 
219192.11    hydra_bst+        64      1      1   2035984K    callan-n11            0        0.00M   00:00:30  COMPLETED      0:0 
219192.12    hydra_bst+        64      1      1   2046100K    callan-n11            0        0.00M   00:00:33  COMPLETED      0:0 
219192.13    hydra_bst+        64      1      1   2039864K    callan-n11            0        0.00M   00:00:36  COMPLETED      0:0 
219192.14    hydra_bst+        64      1      1   2055032K    callan-n11            0        0.00M   00:00:39  COMPLETED      0:0 
219192.15    hydra_bst+        64      1      1   2042076K    callan-n11            0        0.00M   00:00:42  COMPLETED      0:0 
219192.16    hydra_bst+        64      1      1   2039388K    callan-n11            0        0.00M   00:00:45  COMPLETED      0:0 
219192.17    hydra_bst+        64      1      1   2045924K    callan-n11            0        0.00M   00:00:48  COMPLETED      0:0 
219192.18    hydra_bst+        64      1      1   2048072K    callan-n11            0        0.00M   00:00:52  COMPLETED      0:0 
219192.19    hydra_bst+        64      1      1   2058660K    callan-n11            0        0.00M   00:00:55  COMPLETED      0:0 
219192.20    hydra_bst+        64      1      1   2038704K    callan-n11            0        0.00M   00:00:58  COMPLETED      0:0 
219192.21    hydra_bst+        64      1      1   2042396K    callan-n11            0        0.00M   00:01:01  COMPLETED      0:0 
219192.22    hydra_bst+        64      1      1   2040952K    callan-n11            0        0.00M   00:01:04  COMPLETED      0:0 
219192.23    hydra_bst+        64      1      1   2050656K    callan-n11            0        0.00M   00:01:07  COMPLETED      0:0 
219192.24    hydra_bst+        64      1      1   2048204K    callan-n11            0        0.00M   00:01:11  COMPLETED      0:0 
219192.25    hydra_bst+        64      1      1   2028092K    callan-n11            0        0.00M   00:01:14  COMPLETED      0:0 
219192.26    hydra_bst+        64      1      1   2050980K    callan-n11            0        0.00M   00:01:17  COMPLETED      0:0 
219192.27    hydra_bst+        64      1      1   2046928K    callan-n11            0        0.00M   00:01:20  COMPLETED      0:0 
219192.28    hydra_bst+        64      1      1   2040888K    callan-n11            0        0.00M   00:01:23  COMPLETED      0:0 
219192.29    hydra_bst+        64      1      1   2026484K    callan-n11            0        0.00M   00:01:26  COMPLETED      0:0 
219192.30    hydra_bst+        64      1      1   2017500K    callan-n11            0        0.00M   00:01:29  COMPLETED      0:0 
219192.31    hydra_bst+        64      1      1   2022572K    callan-n11            0        0.00M   00:01:31  COMPLETED      0:0 
219192.32    hydra_bst+        64      1      1   2033948K    callan-n11            0        0.00M   00:01:34  COMPLETED      0:0 
219192.33    hydra_bst+        64      1      1   2030860K    callan-n11            0        0.00M   00:01:37  COMPLETED      0:0 
219192.34    hydra_bst+        64      1      1   2033336K    callan-n11            0        0.00M   00:01:39  COMPLETED      0:0 
219192.35    hydra_bst+        64      1      1   2031384K    callan-n11            0        0.00M   00:01:41  COMPLETED      0:0 
219192.36    hydra_bst+        64      1      1   2033888K    callan-n11            0        0.00M   00:01:44  COMPLETED      0:0 
219192.37    hydra_bst+        64      1      1   2032292K    callan-n11            0        0.00M   00:01:47  COMPLETED      0:0 
219192.38    hydra_bst+        64      1      1   2030580K    callan-n11            0        0.00M   00:01:49  COMPLETED      0:0 
219192.39    hydra_bst+        64      1      1   2023344K    callan-n11            0        0.00M   00:01:52  COMPLETED      0:0 
219192.40    hydra_bst+        64      1      1   2041572K    callan-n11            0        0.00M   00:01:54  COMPLETED      0:0 
219192.41    hydra_bst+        64      1      1   2046080K    callan-n11            0        0.00M   00:01:57  COMPLETED      0:0 
219192.42    hydra_bst+        64      1      1   2032956K    callan-n11            0        0.00M   00:02:00  COMPLETED      0:0 
219192.43    hydra_bst+        64      1      1   2045076K    callan-n11            0        0.00M   00:02:03  COMPLETED      0:0 
219192.44    hydra_bst+        64      1      1   2035444K    callan-n11            0        0.00M   00:02:06  COMPLETED      0:0 
219192.45    hydra_bst+        64      1      1   2049408K    callan-n11            0        0.00M   00:02:09  COMPLETED      0:0 
219192.46    hydra_bst+        64      1      1   2031664K    callan-n11            0        0.00M   00:02:12  COMPLETED      0:0 
219192.47    hydra_bst+        64      1      1   2047740K    callan-n11            0        0.00M   00:02:15  COMPLETED      0:0 
219192.48    hydra_bst+        64      1      1   2044356K    callan-n11            0        0.00M   00:02:18  COMPLETED      0:0 
219192.49    hydra_bst+        64      1      1   2029184K    callan-n11            0        0.00M   00:02:21  COMPLETED      0:0 
219192.50    hydra_bst+        64      1      1   2044092K    callan-n11            0        0.00M   00:02:24  COMPLETED      0:0 
219192.51    hydra_bst+        64      1      1   2025548K    callan-n11            0        0.00M   00:02:27  COMPLETED      0:0 
219192.52    hydra_bst+        64      1      1   2036580K    callan-n11            0        0.00M   00:02:30  COMPLETED      0:0 
219192.53    hydra_bst+        64      1      1   2042992K    callan-n11            0        0.00M   00:02:33  COMPLETED      0:0 
219192.54    hydra_bst+        64      1      1   2046204K    callan-n11            0        0.00M   00:02:36  COMPLETED      0:0 
219192.55    hydra_bst+        64      1      1   2019712K    callan-n11            0        0.00M   00:02:40  COMPLETED      0:0 
219192.56    hydra_bst+        64      1      1   2029776K    callan-n11            0        0.00M   00:02:43  COMPLETED      0:0 
219192.57    hydra_bst+        64      1      1   2052880K    callan-n11            0        0.00M   00:02:46  COMPLETED      0:0 
219192.58    hydra_bst+        64      1      1   2042428K    callan-n11            0        0.00M   00:02:49  COMPLETED      0:0 
219192.59    hydra_bst+        64      1      1   2044292K    callan-n11            0        0.00M   00:02:52  COMPLETED      0:0 
219192.60    hydra_bst+        64      1      1   2021256K    callan-n11            0        0.00M   00:02:55  COMPLETED      0:0 
219192.61    hydra_bst+        64      1      1   2031196K    callan-n11            0        0.00M   00:02:57  COMPLETED      0:0 
219192.62    hydra_bst+        64      1      1   2021940K    callan-n11            0        0.00M   00:03:00  COMPLETED      0:0 
219192.63    hydra_bst+        64      1      1   2027260K    callan-n11            0        0.00M   00:03:03  COMPLETED      0:0 
219192.64    hydra_bst+        64      1      1   2033296K    callan-n11            0        0.00M   00:03:06  COMPLETED      0:0 
219192.65    hydra_bst+        64      1      1   2027296K    callan-n11            0        0.00M   00:03:09  COMPLETED      0:0 
219192.66    hydra_bst+        64      1      1   2021960K    callan-n11            0        0.00M   00:03:11  COMPLETED      0:0 
219192.67    hydra_bst+        64      1      1   2036272K    callan-n11            0        0.00M   00:03:14  COMPLETED      0:0 
219192.68    hydra_bst+        64      1      1   2046164K    callan-n11            0        0.00M   00:03:17  COMPLETED      0:0 
219192.69    hydra_bst+        64      1      1   2027164K    callan-n11            0        0.00M   00:03:20  COMPLETED      0:0 
219192.70    hydra_bst+        64      1      1   2039456K    callan-n11            0        0.00M   00:03:23  COMPLETED      0:0 
219192.71    hydra_bst+        64      1      1   2039776K    callan-n11            0        0.00M   00:03:26  COMPLETED      0:0 
219192.72    hydra_bst+        64      1      1   2047752K    callan-n11            0        0.00M   00:03:29  COMPLETED      0:0 
219192.73    hydra_bst+        64      1      1   2041732K    callan-n11            0        0.00M   00:03:32  COMPLETED      0:0 
219192.74    hydra_bst+        64      1      1   2036688K    callan-n11            0        0.00M   00:03:35  COMPLETED      0:0 
219192.75    hydra_bst+        64      1      1   2043344K    callan-n11            0        0.00M   00:03:38  COMPLETED      0:0 
219192.76    hydra_bst+        64      1      1   2031776K    callan-n11            0        0.00M   00:03:42  COMPLETED      0:0 
219192.77    hydra_bst+        64      1      1   2019372K    callan-n11            0        0.00M   00:03:45  COMPLETED      0:0 
219192.78    hydra_bst+        64      1      1   2041192K    callan-n11            0        0.00M   00:03:48  COMPLETED      0:0 
219192.79    hydra_bst+        64      1      1   2053808K    callan-n11            0        0.00M   00:03:51  COMPLETED      0:0 
219192.80    hydra_bst+        64      1      1   2030772K    callan-n11            0        0.00M   00:03:54  COMPLETED      0:0 
219192.81    hydra_bst+        64      1      1   2046524K    callan-n11            0        0.00M   00:03:57  COMPLETED      0:0 
219192.82    hydra_bst+        64      1      1   2036744K    callan-n11            0        0.00M   00:04:00  COMPLETED      0:0 
219192.83    hydra_bst+        64      1      1   2045968K    callan-n11            0        0.00M   00:04:03  COMPLETED      0:0 
219192.84    hydra_bst+        64      1      1   2040888K    callan-n11            0        0.00M   00:04:06  COMPLETED      0:0 
219192.85    hydra_bst+        64      1      1   2050116K    callan-n11            0        0.00M   00:04:10  COMPLETED      0:0 
219192.86    hydra_bst+        64      1      1   2041804K    callan-n11            0        0.00M   00:04:13  COMPLETED      0:0 
219192.87    hydra_bst+        64      1      1   2042712K    callan-n11            0        0.00M   00:04:16  COMPLETED      0:0 
219192.88    hydra_bst+        64      1      1   2032972K    callan-n11            0        0.00M   00:04:19  COMPLETED      0:0 
219192.89    hydra_bst+        64      1      1   2055860K    callan-n11            0        0.00M   00:04:22  COMPLETED      0:0 
219192.90    hydra_bst+        64      1      1   2032732K    callan-n11            0        0.00M   00:04:25  COMPLETED      0:0 
219192.91    hydra_bst+        64      1      1   2033048K    callan-n11            0        0.00M   00:04:29  COMPLETED      0:0 
219192.92    hydra_bst+        64      1      1   2052400K    callan-n11            0        0.00M   00:04:32  COMPLETED      0:0 
219192.93    hydra_bst+        64      1      1   2027408K    callan-n11            0        0.00M   00:04:36  COMPLETED      0:0 
219192.94    hydra_bst+        64      1      1   2038916K    callan-n11            0        0.00M   00:04:39  COMPLETED      0:0 
219192.95    hydra_bst+        64      1      1   2031960K    callan-n11            0        0.00M   00:04:42  COMPLETED      0:0 
219192.96    hydra_bst+        64      1      1   2023516K    callan-n11            0        0.00M   00:04:46  COMPLETED      0:0 
219192.97    hydra_bst+        64      1      1   2045540K    callan-n11            0        0.00M   00:04:49  COMPLETED      0:0 
219192.98    hydra_bst+        64      1      1   2036744K    callan-n11            0        0.00M   00:04:52  COMPLETED      0:0 
219192.99    hydra_bst+        64      1      1   2035672K    callan-n11            0        0.00M   00:04:56  COMPLETED      0:0 
219192.100   hydra_bst+        64      1      1   2043420K    callan-n11            0        0.00M   00:04:59  COMPLETED      0:0 
219192.101   hydra_bst+        64      1      1   2032768K    callan-n11            0        0.00M   00:05:03  COMPLETED      0:0 
219192.102   hydra_bst+        64      1      1   2039668K    callan-n11            0        0.00M   00:05:06  COMPLETED      0:0 
219192.103   hydra_bst+        64      1      1   2033960K    callan-n11            0        0.00M   00:05:10  COMPLETED      0:0 
219192.104   hydra_bst+        64      1      1   2050536K    callan-n11            0        0.00M   00:05:13  COMPLETED      0:0 
219192.105   hydra_bst+        64      1      1   2045128K    callan-n11            0        0.00M   00:05:17  COMPLETED      0:0 
219192.106   hydra_bst+        64      1      1   2025584K    callan-n11            0        0.00M   00:05:20  COMPLETED      0:0 
219192.107   hydra_bst+        64      1      1   2032588K    callan-n11            0        0.00M   00:05:23  COMPLETED      0:0 
219192.108   hydra_bst+        64      1      1   2043600K    callan-n11            0        0.00M   00:05:27  COMPLETED      0:0 
219192.109   hydra_bst+        64      1      1   2030812K    callan-n11            0        0.00M   00:05:30  COMPLETED      0:0 
219192.110   hydra_bst+        64      1      1   2040340K    callan-n11            0        0.00M   00:05:34  COMPLETED      0:0 
219192.111   hydra_bst+        64      1      1   2025680K    callan-n11            0        0.00M   00:05:37  COMPLETED      0:0 
219192.112   hydra_bst+        64      1      1   2037848K    callan-n11            0        0.00M   00:05:41  COMPLETED      0:0 
219192.113   hydra_bst+        64      1      1   2045876K    callan-n11            0        0.00M   00:05:44  COMPLETED      0:0 
219192.114   hydra_bst+        64      1      1   2050120K    callan-n11            0        0.00M   00:05:48  COMPLETED      0:0 
219192.115   hydra_bst+        64      1      1   2042160K    callan-n11            0        0.00M   00:05:51  COMPLETED      0:0 
219192.116   hydra_bst+        64      1      1   2053448K    callan-n11            0        0.00M   00:05:55  COMPLETED      0:0 
219192.117   hydra_bst+        64      1      1   2042476K    callan-n11            0        0.00M   00:05:58  COMPLETED      0:0 
219192.118   hydra_bst+        64      1      1   2030128K    callan-n11            0        0.00M   00:06:02  COMPLETED      0:0 
219192.119   hydra_bst+        64      1      1   2044268K    callan-n11            0        0.00M   00:06:05  COMPLETED      0:0 


Job details:
============

JobId=219192 JobName=sgs-sensitivity
   SLUID=s219KZWJEC8400
   UserId=szhang2(2231) GroupId=szhang2(2163) MCS_label=N/A
   Priority=163701 Nice=0 Account=callan_szhang2 QOS=normal
   JobState=COMPLETING Reason=None Dependency=(null)
   Requeue=0 Restarts=0 BatchFlag=1 Reboot=0 ExitCode=0:0
   DerivedExitCode=0:0
   RunTime=00:06:05 TimeLimit=06:00:00 TimeMin=N/A
   SubmitTime=2026-08-13T04:24:46 EligibleTime=2026-08-13T04:24:46
   AccrueTime=2026-08-13T04:24:46
   StartTime=2026-08-13T04:25:06 EndTime=2026-08-13T04:31:11 Deadline=N/A
   SuspendTime=None SecsPreSuspend=0 LastSchedEval=2026-08-13T04:25:06 Scheduler=Backfill
   Partition=compute AllocNode:Sid=callan01:2052145
   ReqNodeList=(null) ExcNodeList=callan-n[13-24]
   NodeList=callan-n11
   BatchHost=callan-n11
   NumNodes=1 NumCPUs=64 NumTasks=16 CPUs/Task=1 ReqB:S:C:T=0:0:*:*
   ReqTRES=cpu=16,mem=62.50G,node=1,billing=16
   AllocTRES=cpu=64,mem=250G,node=1,billing=64
   Socks/Node=* NtasksPerN:B:S:C=0:0:*:* CoreSpec=*
   JOB_GRES=(null)
     Nodes=callan-n11 CPU_IDs=0-63 Mem=256000 GRES=
   MinCPUsNode=1 MinMemoryCPU=4000M MinTmpDiskNode=0
   Features=(null) DelayBoot=00:00:00
   OverSubscribe=NO Contiguous=0 Licenses=(null) LicensesAlloc=(null) Network=(null)
   Command=/home/users/mschpc/2025/szhang2/pcg_project/scripts/sgs_sensitivity.slurm
   SubmitLine=sbatch scripts/sgs_sensitivity.slurm
   WorkDir=/home/users/mschpc/2025/szhang2/pcg_project
   StdErr=/home/users/mschpc/2025/szhang2/pcg_project/results/sgs_sensitivity/logs/sgs-sensitivity_219192.err
   StdIn=/dev/null
   StdOut=/home/users/mschpc/2025/szhang2/pcg_project/results/sgs_sensitivity/logs/sgs-sensitivity_219192.out
   TresPerTask=cpu=1


Disk quota details:
===================

                         Block Limits                                    |                     File Limits
Name       type             MB      quota      limit   in_doubt    grace |    files   quota    limit in_doubt    grace
root       USR         7744922          0          0       1052     none |   579590       0        0      397     none
root       FILESET     7130375          0          0       2597     none | 12087167       0        0      846     none


SLURM Bank Statement:
=====================

User           Usage |        Account     Usage | Account Limit Available (CPU hrs)
---------- --------- + -------------- --------- + ------------- ---------
szhang2          461 | CALLAN_SZHANG2       461 |       300,000   299,539


Acknowledgements:
=================

Note that usage of TCHPC Resources *must* be acknowledged in all publications.

Please see this page for details relevant to this cluster:

http://www.tchpc.tcd.ie/resources/acknowledgementpolicy

################################################################################
